// Jest Snapshot v1, https://goo.gl/fbAQLP

exports[`todo reducer should handle addTodo 1`] = `
Object {
  "errors": null,
  "loading": false,
  "loadingForm": false,
  "todos": Object {
    "data": Array [
      Object {
        "completed": true,
        "id": "440351",
        "name": "This is a test todo",
      },
    ],
    "pagination": Object {
      "_limit": 3,
      "_page": 1,
      "_totalRows": 1,
    },
  },
}
`;
